2026-10-07 16:51:04 [pipeline] RUN src/train_stage1.py --config configs/h200/protocol_a.yaml
2026-10-07 16:51:09 [stage1] protocol=A device=cuda amp=True train_size=13990 steps/epoch=437
2026-10-07 16:52:43 [stage1][epoch 1/30] l1=0.1064 | ssim=0.1647 | perceptual=0.7589 | physical_consistency=0.0713 | total=0.2718 | val_psnr=21.31 (best) | train_time=1.4min total_time=1.6min
Traceback (most recent call last):
  File "/data1/sakshi/mental_health 2/src/train_stage1.py", line 165, in <module>
  File "/data1/sakshi/mental_health 2/src/train_stage1.py", line 146, in main
  File "/data1/sakshi/mental_health 2/.venv/lib/python3.13/site-packages/torch/utils/_contextlib.py", line 124, in decorate_context
  File "/data1/sakshi/mental_health 2/src/train_stage1.py", line 65, in validate
  File "/data1/sakshi/mental_health 2/.venv/lib/python3.13/site-packages/torch/utils/data/dataloader.py", line 725, in __next__
  File "/data1/sakshi/mental_health 2/.venv/lib/python3.13/site-packages/torch/utils/data/dataloader.py", line 1531, in _next_data
  File "/data1/sakshi/mental_health 2/.venv/lib/python3.13/site-packages/torch/utils/data/dataloader.py", line 1569, in _process_data
  File "/data1/sakshi/mental_health 2/.venv/lib/python3.13/site-packages/torch/_utils.py", line 803, in reraise
PIL.UnidentifiedImageError: Caught UnidentifiedImageError in DataLoader worker process 0.
Original Traceback (most recent call last):
  File "/data1/sakshi/mental_health 2/.venv/lib/python3.13/site-packages/torch/utils/data/_utils/worker.py", line 375, in _worker_loop
  File "/data1/sakshi/mental_health 2/.venv/lib/python3.13/site-packages/torch/utils/data/_utils/fetch.py", line 54, in fetch
  File "/data1/sakshi/mental_health 2/src/datasets.py", line 75, in __getitem__
  File "/data1/sakshi/mental_health 2/src/datasets.py", line 32, in _load_rgb
  File "/data1/sakshi/mental_health 2/.venv/lib/python3.13/site-packages/PIL/Image.py", line 3715, in open
PIL.UnidentifiedImageError: cannot identify image file 'data/RESIDE/SOTS/indoor/hazy/1400_1.png'

Traceback (most recent call last):
  File "/data1/sakshi/mental_health 2/scripts/run_pipeline.py", line 100, in <module>
  File "/data1/sakshi/mental_health 2/scripts/run_pipeline.py", line 92, in main
  File "/data1/sakshi/mental_health 2/scripts/run_pipeline.py", line 35, in run
  File "/opt/conda/lib/python3.13/subprocess.py", line 577, in run
    raise CalledProcessError(retcode, process.args,
                             output=stdout, stderr=stderr)
subprocess.CalledProcessError: Command '['/data1/sakshi/mental_health 2/.venv/bin/python', 'src/train_stage1.py', '--config', 'configs/h200/protocol_a.yaml']' returned non-zero exit status 1.
2026-10-07 17:01:51 [pipeline] RUN src/train_stage1.py --config configs/h200/protocol_a.yaml
2026-10-07 17:01:56 [stage1] resumed from epoch 1 (best_psnr=21.31)
2026-10-07 17:01:56 [stage1] protocol=A device=cuda amp=True train_size=13990 steps/epoch=437
2026-10-07 17:03:42 [stage1][epoch 2/30] l1=0.0758 | ssim=0.1153 | perceptual=0.6640 | physical_consistency=0.0554 | total=0.2054 | val_psnr=22.53 (best) | train_time=1.6min total_time=1.8min
2026-10-07 17:05:09 [stage1][epoch 3/30] l1=0.0649 | ssim=0.0960 | perceptual=0.6341 | physical_consistency=0.0503 | total=0.1814 | val_psnr=24.02 (best) | train_time=1.3min total_time=1.4min
2026-10-07 17:06:35 [stage1][epoch 4/30] l1=0.0581 | ssim=0.0834 | perceptual=0.6087 | physical_consistency=0.0470 | total=0.1653 | val_psnr=24.01 | train_time=1.3min total_time=1.4min
2026-10-07 17:08:03 [stage1][epoch 5/30] l1=0.0540 | ssim=0.0755 | perceptual=0.5886 | physical_consistency=0.0452 | total=0.1552 | val_psnr=24.24 (best) | train_time=1.3min total_time=1.5min
2026-10-07 17:09:30 [stage1][epoch 6/30] l1=0.0511 | ssim=0.0697 | perceptual=0.5739 | physical_consistency=0.0435 | total=0.1476 | val_psnr=25.40 (best) | train_time=1.3min total_time=1.4min
2026-10-07 17:10:56 [stage1][epoch 7/30] l1=0.0481 | ssim=0.0656 | perceptual=0.5618 | physical_consistency=0.0420 | total=0.1413 | val_psnr=25.36 | train_time=1.3min total_time=1.4min
2026-10-07 17:12:24 [stage1][epoch 8/30] l1=0.0455 | ssim=0.0606 | perceptual=0.5476 | physical_consistency=0.0406 | total=0.1347 | val_psnr=26.03 (best) | train_time=1.3min total_time=1.5min
2026-10-07 17:13:51 [stage1][epoch 9/30] l1=0.0430 | ssim=0.0570 | perceptual=0.5353 | physical_consistency=0.0390 | total=0.1289 | val_psnr=26.73 (best) | train_time=1.3min total_time=1.5min
2026-10-07 17:15:17 [stage1][epoch 10/30] l1=0.0409 | ssim=0.0534 | perceptual=0.5221 | physical_consistency=0.0381 | total=0.1236 | val_psnr=26.81 (best) | train_time=1.3min total_time=1.4min
2026-10-07 17:16:44 [stage1][epoch 11/30] l1=0.0399 | ssim=0.0513 | perceptual=0.5136 | physical_consistency=0.0374 | total=0.1206 | val_psnr=26.86 (best) | train_time=1.3min total_time=1.4min
2026-10-07 17:18:11 [stage1][epoch 12/30] l1=0.0378 | ssim=0.0480 | perceptual=0.5030 | physical_consistency=0.0360 | total=0.1157 | val_psnr=26.75 | train_time=1.3min total_time=1.5min
2026-10-07 17:19:38 [stage1][epoch 13/30] l1=0.0370 | ssim=0.0469 | perceptual=0.4983 | physical_consistency=0.0356 | total=0.1138 | val_psnr=26.90 (best) | train_time=1.3min total_time=1.4min
2026-10-07 17:21:05 [stage1][epoch 14/30] l1=0.0350 | ssim=0.0440 | perceptual=0.4878 | physical_consistency=0.0348 | total=0.1092 | val_psnr=27.80 (best) | train_time=1.3min total_time=1.4min
2026-10-07 17:22:31 [stage1][epoch 15/30] l1=0.0335 | ssim=0.0421 | perceptual=0.4801 | physical_consistency=0.0339 | total=0.1059 | val_psnr=26.66 | train_time=1.3min total_time=1.4min
2026-10-07 17:23:57 [stage1][epoch 16/30] l1=0.0324 | ssim=0.0405 | perceptual=0.4744 | physical_consistency=0.0334 | total=0.1035 | val_psnr=27.22 | train_time=1.3min total_time=1.4min
2026-10-07 17:25:24 [stage1][epoch 17/30] l1=0.0316 | ssim=0.0392 | perceptual=0.4675 | physical_consistency=0.0329 | total=0.1012 | val_psnr=27.40 | train_time=1.3min total_time=1.4min
2026-10-07 17:26:50 [stage1][epoch 18/30] l1=0.0308 | ssim=0.0381 | perceptual=0.4631 | physical_consistency=0.0325 | total=0.0993 | val_psnr=28.13 (best) | train_time=1.3min total_time=1.4min
2026-10-07 17:28:17 [stage1][epoch 19/30] l1=0.0297 | ssim=0.0368 | perceptual=0.4569 | physical_consistency=0.0322 | total=0.0970 | val_psnr=27.82 | train_time=1.3min total_time=1.5min
2026-10-07 17:29:44 [stage1][epoch 20/30] l1=0.0286 | ssim=0.0354 | perceptual=0.4512 | physical_consistency=0.0315 | total=0.0946 | val_psnr=28.19 (best) | train_time=1.3min total_time=1.5min
2026-10-07 17:31:11 [stage1][epoch 21/30] l1=0.0273 | ssim=0.0341 | perceptual=0.4453 | physical_consistency=0.0309 | total=0.0920 | val_psnr=28.49 (best) | train_time=1.3min total_time=1.4min
2026-10-07 17:32:38 [stage1][epoch 22/30] l1=0.0267 | ssim=0.0332 | perceptual=0.4413 | physical_consistency=0.0306 | total=0.0904 | val_psnr=28.57 (best) | train_time=1.3min total_time=1.5min
2026-10-07 17:34:05 [stage1][epoch 23/30] l1=0.0261 | ssim=0.0323 | perceptual=0.4372 | physical_consistency=0.0301 | total=0.0890 | val_psnr=28.20 | train_time=1.3min total_time=1.4min
2026-10-07 17:35:31 [stage1][epoch 24/30] l1=0.0255 | ssim=0.0315 | perceptual=0.4341 | physical_consistency=0.0297 | total=0.0876 | val_psnr=28.20 | train_time=1.3min total_time=1.4min
2026-10-07 17:36:58 [stage1][epoch 25/30] l1=0.0249 | ssim=0.0312 | perceptual=0.4325 | physical_consistency=0.0296 | total=0.0867 | val_psnr=28.66 (best) | train_time=1.3min total_time=1.4min
2026-10-07 17:38:25 [stage1][epoch 26/30] l1=0.0243 | ssim=0.0305 | perceptual=0.4291 | physical_consistency=0.0294 | total=0.0853 | val_psnr=28.91 (best) | train_time=1.3min total_time=1.5min
2026-10-07 17:39:52 [stage1][epoch 27/30] l1=0.0239 | ssim=0.0299 | perceptual=0.4268 | physical_consistency=0.0291 | total=0.0845 | val_psnr=28.83 | train_time=1.3min total_time=1.4min
2026-10-07 17:41:18 [stage1][epoch 28/30] l1=0.0234 | ssim=0.0297 | perceptual=0.4262 | physical_consistency=0.0290 | total=0.0837 | val_psnr=28.87 | train_time=1.3min total_time=1.4min
2026-10-07 17:42:45 [stage1][epoch 29/30] l1=0.0233 | ssim=0.0294 | perceptual=0.4253 | physical_consistency=0.0291 | total=0.0834 | val_psnr=28.99 (best) | train_time=1.3min total_time=1.4min
2026-10-07 17:44:12 [stage1][epoch 30/30] l1=0.0232 | ssim=0.0295 | perceptual=0.4252 | physical_consistency=0.0289 | total=0.0833 | val_psnr=29.05 (best) | train_time=1.3min total_time=1.4min
2026-10-07 17:44:12 [stage1] done. best val_psnr=29.05
2026-10-07 17:44:14 [pipeline] OK (42.4 min)
2026-10-07 17:44:14 [pipeline] RUN src/train_stage2.py --config configs/h200/protocol_a.yaml
2026-10-07 17:44:17 [stage2] protocol=A amp=True rtts_size=4322 steps/epoch=135 from=stage1_best.pt
2026-10-07 17:45:00 [stage2][epoch 1/15] uncertainty_consistency=-1.3836 | dark_channel_prior=0.1028 | bright_channel_prior=0.0147 | tv_transmission=0.0247 | ema_distillation=0.1056 | total=-1.3512 | time=0.7min
2026-10-07 17:45:31 [stage2][epoch 2/15] uncertainty_consistency=-3.3649 | dark_channel_prior=0.1870 | bright_channel_prior=0.0241 | tv_transmission=0.0259 | ema_distillation=0.1003 | total=-3.3247 | time=0.5min
2026-10-07 17:46:03 [stage2][epoch 3/15] uncertainty_consistency=-4.1735 | dark_channel_prior=0.2519 | bright_channel_prior=0.0274 | tv_transmission=0.0252 | ema_distillation=0.0945 | total=-4.1278 | time=0.5min
2026-10-07 17:46:34 [stage2][epoch 4/15] uncertainty_consistency=-4.3383 | dark_channel_prior=0.2840 | bright_channel_prior=0.0295 | tv_transmission=0.0240 | ema_distillation=0.0882 | total=-4.2905 | time=0.5min
2026-10-07 17:47:05 [stage2][epoch 5/15] uncertainty_consistency=-4.4855 | dark_channel_prior=0.2942 | bright_channel_prior=0.0278 | tv_transmission=0.0235 | ema_distillation=0.0757 | total=-4.4393 | time=0.5min
2026-10-07 17:47:37 [stage2][epoch 6/15] uncertainty_consistency=-4.6003 | dark_channel_prior=0.3025 | bright_channel_prior=0.0277 | tv_transmission=0.0230 | ema_distillation=0.0715 | total=-4.5542 | time=0.5min
2026-10-07 17:48:08 [stage2][epoch 7/15] uncertainty_consistency=-4.6012 | dark_channel_prior=0.3118 | bright_channel_prior=0.0269 | tv_transmission=0.0226 | ema_distillation=0.0671 | total=-4.5551 | time=0.5min
2026-10-07 17:48:40 [stage2][epoch 8/15] uncertainty_consistency=-4.6930 | dark_channel_prior=0.3115 | bright_channel_prior=0.0268 | tv_transmission=0.0224 | ema_distillation=0.0628 | total=-4.6477 | time=0.5min
2026-10-07 17:49:12 [stage2][epoch 9/15] uncertainty_consistency=-4.7239 | dark_channel_prior=0.3109 | bright_channel_prior=0.0264 | tv_transmission=0.0222 | ema_distillation=0.0530 | total=-4.6806 | time=0.5min
2026-10-07 17:49:43 [stage2][epoch 10/15] uncertainty_consistency=-4.7765 | dark_channel_prior=0.3167 | bright_channel_prior=0.0262 | tv_transmission=0.0221 | ema_distillation=0.0514 | total=-4.7330 | time=0.5min
2026-10-07 17:50:15 [stage2][epoch 11/15] uncertainty_consistency=-4.8238 | dark_channel_prior=0.3196 | bright_channel_prior=0.0249 | tv_transmission=0.0218 | ema_distillation=0.0455 | total=-4.7812 | time=0.5min
2026-10-07 17:50:46 [stage2][epoch 12/15] uncertainty_consistency=-4.8168 | dark_channel_prior=0.3163 | bright_channel_prior=0.0243 | tv_transmission=0.0217 | ema_distillation=0.0420 | total=-4.7754 | time=0.5min
2026-10-07 17:51:18 [stage2][epoch 13/15] uncertainty_consistency=-4.8541 | dark_channel_prior=0.3174 | bright_channel_prior=0.0250 | tv_transmission=0.0217 | ema_distillation=0.0385 | total=-4.8132 | time=0.5min
2026-10-07 17:51:49 [stage2][epoch 14/15] uncertainty_consistency=-4.8774 | dark_channel_prior=0.3231 | bright_channel_prior=0.0245 | tv_transmission=0.0217 | ema_distillation=0.0378 | total=-4.8361 | time=0.5min
2026-10-07 17:52:20 [stage2][epoch 15/15] uncertainty_consistency=-4.9648 | dark_channel_prior=0.3244 | bright_channel_prior=0.0243 | tv_transmission=0.0215 | ema_distillation=0.0349 | total=-4.9239 | time=0.5min
2026-10-07 17:52:20 [stage2] done.
2026-10-07 17:52:21 [pipeline] OK (8.1 min)
2026-10-07 17:52:21 [pipeline] RUN src/eval.py --config configs/h200/protocol_a.yaml --dcp --tag A_DCP
/data1/sakshi/mental_health_h200/.venv/lib/python3.13/site-packages/torchvision/models/_utils.py:207: UserWarning: The parameter 'pretrained' is deprecated since 0.13 and may be removed in the future, please use 'weights' instead.
  warnings.warn(
/data1/sakshi/mental_health_h200/.venv/lib/python3.13/site-packages/torchvision/models/_utils.py:222: UserWarning: Arguments other than a weight enum or `None` for 'weights' are deprecated since 0.13 and may be removed in the future. The current behavior is equivalent to passing `weights=AlexNet_Weights.IMAGENET1K_V1`. You can also use `weights=AlexNet_Weights.DEFAULT` to get the most up-to-date weights.
  warnings.warn(msg)
[eval] SOTS-indoor (n=500): {'psnr': 19.678012330532074, 'ssim': 0.8632401090860367, 'lpips': 0.09143328616768122, 'psnr_std': 2.7140080553881774, 'ssim_std': 0.046996502546082265, 'lpips_std': 0.03751649833471798}
[eval] NH-HAZE official test (n=5): {'psnr': 12.9379723072052, 'ssim': 0.46540523767471315, 'lpips': 0.5279974937438965, 'psnr_std': 1.2797575592253796, 'ssim_std': 0.03634150501552658, 'lpips_std': 0.034862477087178094}
[eval] NIQE over full NH-HAZE (n=55): 2.6256
[eval] NIQE over RTTS (first 1000): 4.3551
[eval] cross-domain PSNR drop (SOTS-indoor -> NH-HAZE): 6.74 dB
[eval] appended results to results/h200/protocol_a/metrics.csv
2026-10-07 17:55:22 [pipeline] OK (3.0 min)
2026-10-07 17:55:22 [pipeline] RUN src/eval.py --config configs/h200/protocol_a.yaml --checkpoint checkpoints/h200/protocol_a/stage1_best.pt --tag A_stage1_only
/data1/sakshi/mental_health_h200/.venv/lib/python3.13/site-packages/torchvision/models/_utils.py:207: UserWarning: The parameter 'pretrained' is deprecated since 0.13 and may be removed in the future, please use 'weights' instead.
  warnings.warn(
/data1/sakshi/mental_health_h200/.venv/lib/python3.13/site-packages/torchvision/models/_utils.py:222: UserWarning: Arguments other than a weight enum or `None` for 'weights' are deprecated since 0.13 and may be removed in the future. The current behavior is equivalent to passing `weights=AlexNet_Weights.IMAGENET1K_V1`. You can also use `weights=AlexNet_Weights.DEFAULT` to get the most up-to-date weights.
  warnings.warn(msg)
[eval] loaded checkpoints/h200/protocol_a/stage1_best.pt
[eval] SOTS-indoor (n=500): {'psnr': 29.048011474609375, 'ssim': 0.9692667047977448, 'lpips': 0.024952029649168254, 'psnr_std': 2.455907149070862, 'ssim_std': 0.010472115509614148, 'lpips_std': 0.011448896746480018}
[eval] NH-HAZE official test (n=5): {'psnr': 14.659905910491943, 'ssim': 0.5441536426544189, 'lpips': 0.4616823554039001, 'psnr_std': 1.2184666816968164, 'ssim_std': 0.03493440696171426, 'lpips_std': 0.039751394257616014}
[eval] NIQE over full NH-HAZE (n=55): 2.5497
[eval] NIQE over RTTS (first 1000): 4.2912
[eval] cross-domain PSNR drop (SOTS-indoor -> NH-HAZE): 14.39 dB
[eval] appended results to results/h200/protocol_a/metrics.csv
2026-10-07 17:57:18 [pipeline] OK (1.9 min)
2026-10-07 17:57:18 [pipeline] RUN src/eval.py --config configs/h200/protocol_a.yaml --checkpoint checkpoints/h200/protocol_a/stage2_last.pt --tag A_stage2
/data1/sakshi/mental_health_h200/.venv/lib/python3.13/site-packages/torchvision/models/_utils.py:207: UserWarning: The parameter 'pretrained' is deprecated since 0.13 and may be removed in the future, please use 'weights' instead.
  warnings.warn(
/data1/sakshi/mental_health_h200/.venv/lib/python3.13/site-packages/torchvision/models/_utils.py:222: UserWarning: Arguments other than a weight enum or `None` for 'weights' are deprecated since 0.13 and may be removed in the future. The current behavior is equivalent to passing `weights=AlexNet_Weights.IMAGENET1K_V1`. You can also use `weights=AlexNet_Weights.DEFAULT` to get the most up-to-date weights.
  warnings.warn(msg)
[eval] loaded checkpoints/h200/protocol_a/stage2_last.pt
[eval] SOTS-indoor (n=500): {'psnr': 19.219867203235626, 'ssim': 0.8328441569805145, 'lpips': 0.1294948616474867, 'psnr_std': 2.9761453758357526, 'ssim_std': 0.07592802801742748, 'lpips_std': 0.03309483900510957}
[eval] NH-HAZE official test (n=5): {'psnr': 12.294376850128174, 'ssim': 0.49832419157028196, 'lpips': 0.4973242461681366, 'psnr_std': 0.3457686645876488, 'ssim_std': 0.037832598087152315, 'lpips_std': 0.03459217066260736}
[eval] NIQE over full NH-HAZE (n=55): 2.5368
[eval] NIQE over RTTS (first 1000): 4.2624
[eval] cross-domain PSNR drop (SOTS-indoor -> NH-HAZE): 6.93 dB
[eval] appended results to results/h200/protocol_a/metrics.csv
2026-10-07 17:59:12 [pipeline] OK (1.9 min)
2026-10-07 17:59:12 [pipeline] RUN src/train_stage1.py --config configs/h200/protocol_b.yaml
2026-10-07 17:59:16 [stage1] protocol=B device=cuda amp=True train_size=6000 steps/epoch=187
2026-10-07 18:00:49 [stage1][epoch 1/70] l1=0.1198 | ssim=0.1986 | perceptual=1.0940 | physical_consistency=0.0814 | total=0.3366 | val_psnr=23.02 (best) | train_time=1.2min total_time=1.5min
2026-10-07 18:01:29 [stage1][epoch 2/70] l1=0.1015 | ssim=0.1662 | perceptual=0.9814 | physical_consistency=0.0629 | total=0.2890 | val_psnr=23.25 (best) | train_time=0.6min total_time=0.7min
2026-10-07 18:02:10 [stage1][epoch 3/70] l1=0.0936 | ssim=0.1567 | perceptual=0.9567 | physical_consistency=0.0570 | total=0.2733 | val_psnr=23.74 (best) | train_time=0.6min total_time=0.7min
2026-10-07 18:02:51 [stage1][epoch 4/70] l1=0.0874 | ssim=0.1489 | perceptual=0.9424 | physical_consistency=0.0545 | total=0.2615 | val_psnr=23.52 | train_time=0.6min total_time=0.7min
2026-10-07 18:03:32 [stage1][epoch 5/70] l1=0.0821 | ssim=0.1424 | perceptual=0.9327 | physical_consistency=0.0505 | total=0.2516 | val_psnr=23.70 | train_time=0.6min total_time=0.7min
2026-10-07 18:04:13 [stage1][epoch 6/70] l1=0.0776 | ssim=0.1363 | perceptual=0.9234 | physical_consistency=0.0500 | total=0.2431 | val_psnr=24.71 (best) | train_time=0.6min total_time=0.7min
2026-10-07 18:04:54 [stage1][epoch 7/70] l1=0.0732 | ssim=0.1298 | perceptual=0.9149 | physical_consistency=0.0484 | total=0.2344 | val_psnr=25.19 (best) | train_time=0.6min total_time=0.7min
2026-10-07 18:05:35 [stage1][epoch 8/70] l1=0.0688 | ssim=0.1227 | perceptual=0.9048 | physical_consistency=0.0463 | total=0.2252 | val_psnr=24.27 | train_time=0.6min total_time=0.7min
2026-10-07 18:06:16 [stage1][epoch 9/70] l1=0.0660 | ssim=0.1184 | perceptual=0.8970 | physical_consistency=0.0448 | total=0.2194 | val_psnr=25.55 (best) | train_time=0.6min total_time=0.7min
2026-10-07 18:06:57 [stage1][epoch 10/70] l1=0.0629 | ssim=0.1136 | perceptual=0.8887 | physical_consistency=0.0435 | total=0.2129 | val_psnr=25.84 (best) | train_time=0.6min total_time=0.7min
2026-10-07 18:07:37 [stage1][epoch 11/70] l1=0.0616 | ssim=0.1109 | perceptual=0.8797 | physical_consistency=0.0433 | total=0.2094 | val_psnr=25.81 | train_time=0.6min total_time=0.7min
2026-10-07 18:08:18 [stage1][epoch 12/70] l1=0.0587 | ssim=0.1072 | perceptual=0.8735 | physical_consistency=0.0413 | total=0.2038 | val_psnr=25.61 | train_time=0.6min total_time=0.7min
2026-10-07 18:08:59 [stage1][epoch 13/70] l1=0.0563 | ssim=0.1030 | perceptual=0.8649 | physical_consistency=0.0407 | total=0.1984 | val_psnr=25.43 | train_time=0.6min total_time=0.7min
2026-10-07 18:09:39 [stage1][epoch 14/70] l1=0.0550 | ssim=0.1006 | perceptual=0.8581 | physical_consistency=0.0401 | total=0.1951 | val_psnr=25.61 | train_time=0.6min total_time=0.7min
2026-10-07 18:10:21 [stage1][epoch 15/70] l1=0.0538 | ssim=0.0983 | perceptual=0.8497 | physical_consistency=0.0393 | total=0.1918 | val_psnr=26.08 (best) | train_time=0.6min total_time=0.7min
2026-10-07 18:11:02 [stage1][epoch 16/70] l1=0.0526 | ssim=0.0961 | perceptual=0.8437 | physical_consistency=0.0391 | total=0.1889 | val_psnr=26.24 (best) | train_time=0.6min total_time=0.7min
2026-10-07 18:11:43 [stage1][epoch 17/70] l1=0.0508 | ssim=0.0939 | perceptual=0.8348 | physical_consistency=0.0382 | total=0.1850 | val_psnr=26.53 (best) | train_time=0.6min total_time=0.7min
2026-10-07 18:12:24 [stage1][epoch 18/70] l1=0.0491 | ssim=0.0913 | perceptual=0.8274 | physical_consistency=0.0378 | total=0.1813 | val_psnr=26.86 (best) | train_time=0.6min total_time=0.7min
2026-10-07 18:13:05 [stage1][epoch 19/70] l1=0.0487 | ssim=0.0898 | perceptual=0.8210 | physical_consistency=0.0369 | total=0.1794 | val_psnr=26.80 | train_time=0.6min total_time=0.7min
2026-10-07 18:13:46 [stage1][epoch 20/70] l1=0.0462 | ssim=0.0866 | perceptual=0.8129 | physical_consistency=0.0362 | total=0.1744 | val_psnr=27.22 (best) | train_time=0.6min total_time=0.7min
2026-10-07 18:14:27 [stage1][epoch 21/70] l1=0.0460 | ssim=0.0864 | perceptual=0.8146 | physical_consistency=0.0359 | total=0.1743 | val_psnr=26.42 | train_time=0.6min total_time=0.7min
2026-10-07 18:15:08 [stage1][epoch 22/70] l1=0.0452 | ssim=0.0849 | perceptual=0.8062 | physical_consistency=0.0350 | total=0.1718 | val_psnr=26.75 | train_time=0.5min total_time=0.7min
2026-10-07 18:15:49 [stage1][epoch 23/70] l1=0.0444 | ssim=0.0828 | perceptual=0.7986 | physical_consistency=0.0346 | total=0.1691 | val_psnr=27.29 (best) | train_time=0.6min total_time=0.7min
2026-10-07 18:16:30 [stage1][epoch 24/70] l1=0.0439 | ssim=0.0822 | perceptual=0.7970 | physical_consistency=0.0347 | total=0.1682 | val_psnr=27.42 (best) | train_time=0.6min total_time=0.7min
2026-10-07 18:17:11 [stage1][epoch 25/70] l1=0.0428 | ssim=0.0805 | perceptual=0.7898 | physical_consistency=0.0339 | total=0.1654 | val_psnr=27.13 | train_time=0.6min total_time=0.7min
2026-10-07 18:17:52 [stage1][epoch 26/70] l1=0.0421 | ssim=0.0790 | perceptual=0.7883 | physical_consistency=0.0337 | total=0.1638 | val_psnr=27.52 (best) | train_time=0.6min total_time=0.7min
2026-10-07 18:18:33 [stage1][epoch 27/70] l1=0.0414 | ssim=0.0788 | perceptual=0.7836 | physical_consistency=0.0330 | total=0.1625 | val_psnr=27.91 (best) | train_time=0.6min total_time=0.7min
2026-10-07 18:19:15 [stage1][epoch 28/70] l1=0.0405 | ssim=0.0770 | perceptual=0.7789 | physical_consistency=0.0331 | total=0.1602 | val_psnr=27.41 | train_time=0.6min total_time=0.7min
2026-10-07 18:19:55 [stage1][epoch 29/70] l1=0.0407 | ssim=0.0764 | perceptual=0.7761 | physical_consistency=0.0330 | total=0.1598 | val_psnr=27.33 | train_time=0.6min total_time=0.7min
2026-10-07 18:20:36 [stage1][epoch 30/70] l1=0.0401 | ssim=0.0761 | perceptual=0.7738 | physical_consistency=0.0325 | total=0.1588 | val_psnr=27.92 (best) | train_time=0.6min total_time=0.7min
2026-10-07 18:21:17 [stage1][epoch 31/70] l1=0.0409 | ssim=0.0765 | perceptual=0.7715 | physical_consistency=0.0325 | total=0.1595 | val_psnr=27.29 | train_time=0.5min total_time=0.7min
2026-10-07 18:21:58 [stage1][epoch 32/70] l1=0.0390 | ssim=0.0748 | perceptual=0.7677 | physical_consistency=0.0317 | total=0.1564 | val_psnr=27.71 | train_time=0.6min total_time=0.7min
2026-10-07 18:22:39 [stage1][epoch 33/70] l1=0.0385 | ssim=0.0737 | perceptual=0.7657 | physical_consistency=0.0314 | total=0.1551 | val_psnr=27.82 | train_time=0.6min total_time=0.7min
2026-10-07 18:23:20 [stage1][epoch 34/70] l1=0.0378 | ssim=0.0722 | perceptual=0.7601 | physical_consistency=0.0310 | total=0.1530 | val_psnr=28.21 (best) | train_time=0.6min total_time=0.7min
2026-10-07 18:24:01 [stage1][epoch 35/70] l1=0.0376 | ssim=0.0720 | perceptual=0.7583 | physical_consistency=0.0309 | total=0.1526 | val_psnr=28.04 | train_time=0.6min total_time=0.7min
2026-10-07 18:24:42 [stage1][epoch 36/70] l1=0.0371 | ssim=0.0713 | perceptual=0.7568 | physical_consistency=0.0305 | total=0.1515 | val_psnr=28.13 | train_time=0.6min total_time=0.7min
2026-10-07 18:25:23 [stage1][epoch 37/70] l1=0.0367 | ssim=0.0710 | perceptual=0.7548 | physical_consistency=0.0304 | total=0.1507 | val_psnr=27.60 | train_time=0.6min total_time=0.7min
2026-10-07 18:26:04 [stage1][epoch 38/70] l1=0.0360 | ssim=0.0699 | perceptual=0.7505 | physical_consistency=0.0300 | total=0.1489 | val_psnr=27.99 | train_time=0.6min total_time=0.7min
2026-10-07 18:26:45 [stage1][epoch 39/70] l1=0.0355 | ssim=0.0691 | perceptual=0.7488 | physical_consistency=0.0300 | total=0.1480 | val_psnr=28.53 (best) | train_time=0.6min total_time=0.7min
2026-10-07 18:27:26 [stage1][epoch 40/70] l1=0.0352 | ssim=0.0687 | perceptual=0.7457 | physical_consistency=0.0297 | total=0.1471 | val_psnr=28.40 | train_time=0.6min total_time=0.7min
2026-10-07 18:28:07 [stage1][epoch 41/70] l1=0.0345 | ssim=0.0678 | perceptual=0.7428 | physical_consistency=0.0291 | total=0.1456 | val_psnr=28.09 | train_time=0.6min total_time=0.7min
2026-10-07 18:28:49 [stage1][epoch 42/70] l1=0.0342 | ssim=0.0675 | perceptual=0.7418 | physical_consistency=0.0288 | total=0.1450 | val_psnr=28.49 | train_time=0.6min total_time=0.7min
2026-10-07 18:29:29 [stage1][epoch 43/70] l1=0.0342 | ssim=0.0674 | perceptual=0.7403 | physical_consistency=0.0292 | total=0.1448 | val_psnr=27.97 | train_time=0.6min total_time=0.7min
2026-10-07 18:30:10 [stage1][epoch 44/70] l1=0.0341 | ssim=0.0668 | perceptual=0.7382 | physical_consistency=0.0289 | total=0.1442 | val_psnr=28.43 | train_time=0.6min total_time=0.7min
2026-10-07 18:30:51 [stage1][epoch 45/70] l1=0.0332 | ssim=0.0661 | perceptual=0.7362 | physical_consistency=0.0283 | total=0.1427 | val_psnr=28.19 | train_time=0.6min total_time=0.7min
2026-10-07 18:31:32 [stage1][epoch 46/70] l1=0.0327 | ssim=0.0657 | perceptual=0.7358 | physical_consistency=0.0282 | total=0.1419 | val_psnr=28.08 | train_time=0.6min total_time=0.7min
2026-10-07 18:32:13 [stage1][epoch 47/70] l1=0.0328 | ssim=0.0655 | perceptual=0.7344 | physical_consistency=0.0279 | total=0.1418 | val_psnr=28.41 | train_time=0.6min total_time=0.7min
2026-10-07 18:32:54 [stage1][epoch 48/70] l1=0.0321 | ssim=0.0644 | perceptual=0.7315 | physical_consistency=0.0275 | total=0.1402 | val_psnr=28.21 | train_time=0.6min total_time=0.7min
2026-10-07 18:33:35 [stage1][epoch 49/70] l1=0.0316 | ssim=0.0644 | perceptual=0.7307 | physical_consistency=0.0276 | total=0.1397 | val_psnr=28.56 (best) | train_time=0.6min total_time=0.7min
2026-10-07 18:34:16 [stage1][epoch 50/70] l1=0.0312 | ssim=0.0639 | perceptual=0.7295 | physical_consistency=0.0272 | total=0.1388 | val_psnr=28.47 | train_time=0.6min total_time=0.7min
2026-10-07 18:34:57 [stage1][epoch 51/70] l1=0.0307 | ssim=0.0631 | perceptual=0.7264 | physical_consistency=0.0266 | total=0.1375 | val_psnr=28.89 (best) | train_time=0.6min total_time=0.7min
2026-10-07 18:35:38 [stage1][epoch 52/70] l1=0.0307 | ssim=0.0630 | perceptual=0.7260 | physical_consistency=0.0268 | total=0.1374 | val_psnr=28.79 | train_time=0.6min total_time=0.7min
2026-10-07 18:36:19 [stage1][epoch 53/70] l1=0.0305 | ssim=0.0627 | perceptual=0.7256 | physical_consistency=0.0267 | total=0.1371 | val_psnr=27.80 | train_time=0.6min total_time=0.7min
2026-10-07 18:37:00 [stage1][epoch 54/70] l1=0.0303 | ssim=0.0626 | perceptual=0.7239 | physical_consistency=0.0266 | total=0.1367 | val_psnr=29.11 (best) | train_time=0.6min total_time=0.7min
2026-10-07 18:37:41 [stage1][epoch 55/70] l1=0.0299 | ssim=0.0621 | perceptual=0.7226 | physical_consistency=0.0265 | total=0.1359 | val_psnr=28.45 | train_time=0.6min total_time=0.7min
2026-10-07 18:38:23 [stage1][epoch 56/70] l1=0.0295 | ssim=0.0615 | perceptual=0.7210 | physical_consistency=0.0263 | total=0.1350 | val_psnr=27.57 | train_time=0.6min total_time=0.7min
2026-10-07 18:39:04 [stage1][epoch 57/70] l1=0.0293 | ssim=0.0617 | perceptual=0.7226 | physical_consistency=0.0263 | total=0.1350 | val_psnr=28.85 | train_time=0.6min total_time=0.7min
2026-10-07 18:39:44 [stage1][epoch 58/70] l1=0.0290 | ssim=0.0616 | perceptual=0.7213 | physical_consistency=0.0259 | total=0.1345 | val_psnr=28.73 | train_time=0.6min total_time=0.7min
2026-10-07 18:40:25 [stage1][epoch 59/70] l1=0.0288 | ssim=0.0611 | perceptual=0.7195 | physical_consistency=0.0257 | total=0.1339 | val_psnr=28.43 | train_time=0.6min total_time=0.7min
2026-10-07 18:41:06 [stage1][epoch 60/70] l1=0.0287 | ssim=0.0611 | perceptual=0.7182 | physical_consistency=0.0257 | total=0.1336 | val_psnr=28.83 | train_time=0.6min total_time=0.7min
2026-10-07 18:41:46 [stage1][epoch 61/70] l1=0.0283 | ssim=0.0606 | perceptual=0.7185 | physical_consistency=0.0255 | total=0.1330 | val_psnr=28.57 | train_time=0.6min total_time=0.7min
2026-10-07 18:42:27 [stage1][epoch 62/70] l1=0.0283 | ssim=0.0605 | perceptual=0.7174 | physical_consistency=0.0254 | total=0.1328 | val_psnr=28.37 | train_time=0.6min total_time=0.7min
2026-10-07 18:43:07 [stage1][epoch 63/70] l1=0.0278 | ssim=0.0601 | perceptual=0.7163 | physical_consistency=0.0253 | total=0.1320 | val_psnr=28.86 | train_time=0.6min total_time=0.7min
2026-10-07 18:43:48 [stage1][epoch 64/70] l1=0.0279 | ssim=0.0602 | perceptual=0.7159 | physical_consistency=0.0252 | total=0.1321 | val_psnr=28.67 | train_time=0.6min total_time=0.7min
2026-10-07 18:44:28 [stage1][epoch 65/70] l1=0.0280 | ssim=0.0602 | perceptual=0.7167 | physical_consistency=0.0252 | total=0.1323 | val_psnr=28.87 | train_time=0.6min total_time=0.7min
2026-10-07 18:45:09 [stage1][epoch 66/70] l1=0.0277 | ssim=0.0600 | perceptual=0.7157 | physical_consistency=0.0250 | total=0.1317 | val_psnr=28.81 | train_time=0.6min total_time=0.7min
2026-10-07 18:45:50 [stage1][epoch 67/70] l1=0.0276 | ssim=0.0600 | perceptual=0.7160 | physical_consistency=0.0250 | total=0.1318 | val_psnr=28.80 | train_time=0.6min total_time=0.7min
2026-10-07 18:46:31 [stage1][epoch 68/70] l1=0.0277 | ssim=0.0601 | perceptual=0.7154 | physical_consistency=0.0253 | total=0.1318 | val_psnr=28.82 | train_time=0.6min total_time=0.7min
2026-10-07 18:47:12 [stage1][epoch 69/70] l1=0.0276 | ssim=0.0600 | perceptual=0.7157 | physical_consistency=0.0252 | total=0.1317 | val_psnr=28.86 | train_time=0.6min total_time=0.7min
2026-10-07 18:47:53 [stage1][epoch 70/70] l1=0.0276 | ssim=0.0599 | perceptual=0.7157 | physical_consistency=0.0250 | total=0.1316 | val_psnr=28.84 | train_time=0.6min total_time=0.7min
2026-10-07 18:47:53 [stage1] done. best val_psnr=29.11
2026-10-07 18:47:54 [pipeline] OK (48.7 min)
2026-10-07 18:47:54 [pipeline] RUN src/train_stage2.py --config configs/h200/protocol_b.yaml
2026-10-07 18:47:57 [stage2] protocol=B amp=True rtts_size=4322 steps/epoch=135 from=stage1_best.pt
2026-10-07 18:48:31 [stage2][epoch 1/15] uncertainty_consistency=-1.5030 | dark_channel_prior=0.2535 | bright_channel_prior=0.0246 | tv_transmission=0.0237 | ema_distillation=0.0789 | total=-1.4604 | time=0.6min
2026-10-07 18:49:03 [stage2][epoch 2/15] uncertainty_consistency=-3.5421 | dark_channel_prior=0.3153 | bright_channel_prior=0.0280 | tv_transmission=0.0215 | ema_distillation=0.0685 | total=-3.4952 | time=0.5min
2026-10-07 18:49:34 [stage2][epoch 3/15] uncertainty_consistency=-4.3964 | dark_channel_prior=0.3583 | bright_channel_prior=0.0258 | tv_transmission=0.0174 | ema_distillation=0.0657 | total=-4.3460 | time=0.5min
2026-10-07 18:50:06 [stage2][epoch 4/15] uncertainty_consistency=-4.5416 | dark_channel_prior=0.3685 | bright_channel_prior=0.0267 | tv_transmission=0.0171 | ema_distillation=0.0613 | total=-4.4910 | time=0.5min
2026-10-07 18:50:37 [stage2][epoch 5/15] uncertainty_consistency=-4.6520 | dark_channel_prior=0.3750 | bright_channel_prior=0.0254 | tv_transmission=0.0169 | ema_distillation=0.0545 | total=-4.6022 | time=0.5min
2026-10-07 18:51:08 [stage2][epoch 6/15] uncertainty_consistency=-4.7240 | dark_channel_prior=0.3750 | bright_channel_prior=0.0247 | tv_transmission=0.0172 | ema_distillation=0.0500 | total=-4.6751 | time=0.5min
2026-10-07 18:51:39 [stage2][epoch 7/15] uncertainty_consistency=-4.7749 | dark_channel_prior=0.3781 | bright_channel_prior=0.0235 | tv_transmission=0.0175 | ema_distillation=0.0461 | total=-4.7265 | time=0.5min
2026-10-07 18:52:10 [stage2][epoch 8/15] uncertainty_consistency=-4.8165 | dark_channel_prior=0.3753 | bright_channel_prior=0.0226 | tv_transmission=0.0177 | ema_distillation=0.0426 | total=-4.7692 | time=0.5min
2026-10-07 18:52:42 [stage2][epoch 9/15] uncertainty_consistency=-4.8182 | dark_channel_prior=0.3754 | bright_channel_prior=0.0234 | tv_transmission=0.0178 | ema_distillation=0.0372 | total=-4.7718 | time=0.5min
2026-10-07 18:53:13 [stage2][epoch 10/15] uncertainty_consistency=-4.9058 | dark_channel_prior=0.3744 | bright_channel_prior=0.0218 | tv_transmission=0.0179 | ema_distillation=0.0343 | total=-4.8603 | time=0.5min
2026-10-07 18:53:44 [stage2][epoch 11/15] uncertainty_consistency=-4.9351 | dark_channel_prior=0.3758 | bright_channel_prior=0.0215 | tv_transmission=0.0180 | ema_distillation=0.0315 | total=-4.8900 | time=0.5min
2026-10-07 18:54:15 [stage2][epoch 12/15] uncertainty_consistency=-4.9259 | dark_channel_prior=0.3735 | bright_channel_prior=0.0218 | tv_transmission=0.0181 | ema_distillation=0.0301 | total=-4.8813 | time=0.5min
2026-10-07 18:54:46 [stage2][epoch 13/15] uncertainty_consistency=-4.9807 | dark_channel_prior=0.3771 | bright_channel_prior=0.0224 | tv_transmission=0.0181 | ema_distillation=0.0273 | total=-4.9362 | time=0.5min
2026-10-07 18:55:17 [stage2][epoch 14/15] uncertainty_consistency=-5.0463 | dark_channel_prior=0.3760 | bright_channel_prior=0.0202 | tv_transmission=0.0182 | ema_distillation=0.0269 | total=-5.0021 | time=0.5min
2026-10-07 18:55:48 [stage2][epoch 15/15] uncertainty_consistency=-5.0795 | dark_channel_prior=0.3745 | bright_channel_prior=0.0200 | tv_transmission=0.0180 | ema_distillation=0.0252 | total=-5.0359 | time=0.5min
2026-10-07 18:55:48 [stage2] done.
2026-10-07 18:55:50 [pipeline] OK (7.9 min)
2026-10-07 18:55:50 [pipeline] RUN src/eval.py --config configs/h200/protocol_b.yaml --dcp --tag B_DCP
/data1/sakshi/mental_health_h200/.venv/lib/python3.13/site-packages/torchvision/models/_utils.py:207: UserWarning: The parameter 'pretrained' is deprecated since 0.13 and may be removed in the future, please use 'weights' instead.
  warnings.warn(
/data1/sakshi/mental_health_h200/.venv/lib/python3.13/site-packages/torchvision/models/_utils.py:222: UserWarning: Arguments other than a weight enum or `None` for 'weights' are deprecated since 0.13 and may be removed in the future. The current behavior is equivalent to passing `weights=AlexNet_Weights.IMAGENET1K_V1`. You can also use `weights=AlexNet_Weights.DEFAULT` to get the most up-to-date weights.
  warnings.warn(msg)
[eval] SOTS-outdoor (n=500): {'psnr': 16.702798179388047, 'ssim': 0.8603243932724, 'lpips': 0.1290170973027125, 'psnr_std': 3.440711675852863, 'ssim_std': 0.05604936645037996, 'lpips_std': 0.08291692025878929}
[eval] NH-HAZE official test (n=5): {'psnr': 12.9379723072052, 'ssim': 0.46540523767471315, 'lpips': 0.5279974937438965, 'psnr_std': 1.2797575592253796, 'ssim_std': 0.03634150501552658, 'lpips_std': 0.034862477087178094}
[eval] NIQE over full NH-HAZE (n=55): 2.6256
[eval] NIQE over RTTS (first 1000): 4.3551
[eval] cross-domain PSNR drop (SOTS-outdoor -> NH-HAZE): 3.76 dB
[eval] appended results to results/h200/protocol_b/metrics.csv
2026-10-07 18:58:37 [pipeline] OK (2.8 min)
2026-10-07 18:58:37 [pipeline] RUN src/eval.py --config configs/h200/protocol_b.yaml --checkpoint checkpoints/h200/protocol_b/stage1_best.pt --tag B_stage1_only
/data1/sakshi/mental_health_h200/.venv/lib/python3.13/site-packages/torchvision/models/_utils.py:207: UserWarning: The parameter 'pretrained' is deprecated since 0.13 and may be removed in the future, please use 'weights' instead.
  warnings.warn(
/data1/sakshi/mental_health_h200/.venv/lib/python3.13/site-packages/torchvision/models/_utils.py:222: UserWarning: Arguments other than a weight enum or `None` for 'weights' are deprecated since 0.13 and may be removed in the future. The current behavior is equivalent to passing `weights=AlexNet_Weights.IMAGENET1K_V1`. You can also use `weights=AlexNet_Weights.DEFAULT` to get the most up-to-date weights.
  warnings.warn(msg)
[eval] loaded checkpoints/h200/protocol_b/stage1_best.pt
[eval] SOTS-outdoor (n=500): {'psnr': 29.11178118467331, 'ssim': 0.966723009467125, 'lpips': 0.027257163681089876, 'psnr_std': 2.9858846486108135, 'ssim_std': 0.018873787935843715, 'lpips_std': 0.013670834599246067}
[eval] NH-HAZE official test (n=5): {'psnr': 10.805809259414673, 'ssim': 0.49488353729248047, 'lpips': 0.5268639981746673, 'psnr_std': 0.5686369902627191, 'ssim_std': 0.03600069254833907, 'lpips_std': 0.04556383767426019}
[eval] NIQE over full NH-HAZE (n=55): 2.5684
[eval] NIQE over RTTS (first 1000): 4.6137
[eval] cross-domain PSNR drop (SOTS-outdoor -> NH-HAZE): 18.31 dB
[eval] appended results to results/h200/protocol_b/metrics.csv
2026-10-07 19:00:25 [pipeline] OK (1.8 min)
2026-10-07 19:00:25 [pipeline] RUN src/eval.py --config configs/h200/protocol_b.yaml --checkpoint checkpoints/h200/protocol_b/stage2_last.pt --tag B_stage2
/data1/sakshi/mental_health_h200/.venv/lib/python3.13/site-packages/torchvision/models/_utils.py:207: UserWarning: The parameter 'pretrained' is deprecated since 0.13 and may be removed in the future, please use 'weights' instead.
  warnings.warn(
/data1/sakshi/mental_health_h200/.venv/lib/python3.13/site-packages/torchvision/models/_utils.py:222: UserWarning: Arguments other than a weight enum or `None` for 'weights' are deprecated since 0.13 and may be removed in the future. The current behavior is equivalent to passing `weights=AlexNet_Weights.IMAGENET1K_V1`. You can also use `weights=AlexNet_Weights.DEFAULT` to get the most up-to-date weights.
  warnings.warn(msg)
[eval] loaded checkpoints/h200/protocol_b/stage2_last.pt
[eval] SOTS-outdoor (n=500): {'psnr': 21.140686371326446, 'ssim': 0.8908097568750382, 'lpips': 0.09102303098887204, 'psnr_std': 3.9742330114750177, 'ssim_std': 0.07129821781366867, 'lpips_std': 0.037172788376998264}
[eval] NH-HAZE official test (n=5): {'psnr': 11.517250537872314, 'ssim': 0.4667603850364685, 'lpips': 0.5344358265399933, 'psnr_std': 0.8135483862903026, 'ssim_std': 0.04803482810067826, 'lpips_std': 0.042017652166688985}
[eval] NIQE over full NH-HAZE (n=55): 2.6185
[eval] NIQE over RTTS (first 1000): 4.4353
[eval] cross-domain PSNR drop (SOTS-outdoor -> NH-HAZE): 9.62 dB
[eval] appended results to results/h200/protocol_b/metrics.csv
2026-10-07 19:02:27 [pipeline] OK (2.0 min)
2026-10-07 19:02:27 [pipeline] RUN src/train_stage2.py --config configs/h200/protocol_a.yaml --no_uncertainty
2026-10-07 19:02:30 [stage2_nounc] protocol=A amp=True rtts_size=4322 steps/epoch=135 from=stage1_best.pt
2026-10-07 19:03:01 [stage2_nounc][epoch 1/15] plain_consistency=0.0665 | dark_channel_prior=0.1077 | bright_channel_prior=0.0151 | tv_transmission=0.0186 | ema_distillation=0.0598 | total=0.0902 | time=0.5min
2026-10-07 19:03:32 [stage2_nounc][epoch 2/15] plain_consistency=0.0630 | dark_channel_prior=0.0438 | bright_channel_prior=0.0142 | tv_transmission=0.0206 | ema_distillation=0.0538 | total=0.0791 | time=0.5min
2026-10-07 19:04:03 [stage2_nounc][epoch 3/15] plain_consistency=0.0589 | dark_channel_prior=0.0304 | bright_channel_prior=0.0128 | tv_transmission=0.0213 | ema_distillation=0.0509 | total=0.0730 | time=0.5min
2026-10-07 19:04:34 [stage2_nounc][epoch 4/15] plain_consistency=0.0592 | dark_channel_prior=0.0268 | bright_channel_prior=0.0130 | tv_transmission=0.0218 | ema_distillation=0.0486 | total=0.0724 | time=0.5min
2026-10-07 19:05:05 [stage2_nounc][epoch 5/15] plain_consistency=0.0568 | dark_channel_prior=0.0246 | bright_channel_prior=0.0127 | tv_transmission=0.0221 | ema_distillation=0.0429 | total=0.0687 | time=0.5min
2026-10-07 19:05:36 [stage2_nounc][epoch 6/15] plain_consistency=0.0558 | dark_channel_prior=0.0228 | bright_channel_prior=0.0127 | tv_transmission=0.0224 | ema_distillation=0.0403 | total=0.0670 | time=0.5min
2026-10-07 19:06:07 [stage2_nounc][epoch 7/15] plain_consistency=0.0549 | dark_channel_prior=0.0215 | bright_channel_prior=0.0118 | tv_transmission=0.0227 | ema_distillation=0.0385 | total=0.0655 | time=0.5min
2026-10-07 19:06:38 [stage2_nounc][epoch 8/15] plain_consistency=0.0539 | dark_channel_prior=0.0198 | bright_channel_prior=0.0117 | tv_transmission=0.0230 | ema_distillation=0.0369 | total=0.0641 | time=0.5min
2026-10-07 19:07:09 [stage2_nounc][epoch 9/15] plain_consistency=0.0541 | dark_channel_prior=0.0192 | bright_channel_prior=0.0118 | tv_transmission=0.0233 | ema_distillation=0.0334 | total=0.0635 | time=0.5min
2026-10-07 19:07:40 [stage2_nounc][epoch 10/15] plain_consistency=0.0530 | dark_channel_prior=0.0183 | bright_channel_prior=0.0118 | tv_transmission=0.0235 | ema_distillation=0.0318 | total=0.0620 | time=0.5min
2026-10-07 19:08:11 [stage2_nounc][epoch 11/15] plain_consistency=0.0529 | dark_channel_prior=0.0178 | bright_channel_prior=0.0120 | tv_transmission=0.0240 | ema_distillation=0.0285 | total=0.0612 | time=0.5min
2026-10-07 19:08:41 [stage2_nounc][epoch 12/15] plain_consistency=0.0515 | dark_channel_prior=0.0173 | bright_channel_prior=0.0117 | tv_transmission=0.0240 | ema_distillation=0.0263 | total=0.0593 | time=0.5min
2026-10-07 19:09:12 [stage2_nounc][epoch 13/15] plain_consistency=0.0517 | dark_channel_prior=0.0161 | bright_channel_prior=0.0116 | tv_transmission=0.0243 | ema_distillation=0.0254 | total=0.0592 | time=0.5min
2026-10-07 19:09:44 [stage2_nounc][epoch 14/15] plain_consistency=0.0504 | dark_channel_prior=0.0157 | bright_channel_prior=0.0110 | tv_transmission=0.0244 | ema_distillation=0.0245 | total=0.0577 | time=0.5min
2026-10-07 19:10:14 [stage2_nounc][epoch 15/15] plain_consistency=0.0495 | dark_channel_prior=0.0148 | bright_channel_prior=0.0108 | tv_transmission=0.0242 | ema_distillation=0.0233 | total=0.0564 | time=0.5min
2026-10-07 19:10:14 [stage2_nounc] done.
2026-10-07 19:10:16 [pipeline] OK (7.8 min)
2026-10-07 19:10:16 [pipeline] RUN src/eval.py --config configs/h200/protocol_a.yaml --checkpoint checkpoints/h200/protocol_a/stage2_nounc_last.pt --tag A_stage2_nounc
/data1/sakshi/mental_health_h200/.venv/lib/python3.13/site-packages/torchvision/models/_utils.py:207: UserWarning: The parameter 'pretrained' is deprecated since 0.13 and may be removed in the future, please use 'weights' instead.
  warnings.warn(
/data1/sakshi/mental_health_h200/.venv/lib/python3.13/site-packages/torchvision/models/_utils.py:222: UserWarning: Arguments other than a weight enum or `None` for 'weights' are deprecated since 0.13 and may be removed in the future. The current behavior is equivalent to passing `weights=AlexNet_Weights.IMAGENET1K_V1`. You can also use `weights=AlexNet_Weights.DEFAULT` to get the most up-to-date weights.
  warnings.warn(msg)
[eval] loaded checkpoints/h200/protocol_a/stage2_nounc_last.pt
[eval] SOTS-indoor (n=500): {'psnr': 21.40472664117813, 'ssim': 0.8409740750789643, 'lpips': 0.2530897070467472, 'psnr_std': 2.101969870674883, 'ssim_std': 0.02597221703950197, 'lpips_std': 0.06810709262593093}
[eval] NH-HAZE official test (n=5): {'psnr': 13.88808274269104, 'ssim': 0.5156163811683655, 'lpips': 0.5375020205974579, 'psnr_std': 0.8154045010686249, 'ssim_std': 0.04004957554725496, 'lpips_std': 0.04985151309919558}
[eval] NIQE over full NH-HAZE (n=55): 3.3356
[eval] NIQE over RTTS (first 1000): 4.3456
[eval] cross-domain PSNR drop (SOTS-indoor -> NH-HAZE): 7.52 dB
[eval] appended results to results/h200/protocol_a/metrics.csv
2026-10-07 19:12:10 [pipeline] OK (1.9 min)
2026-10-07 19:12:10 [pipeline] RUN src/train_stage2.py --config configs/h200/protocol_a.yaml --no_ema
2026-10-07 19:12:13 [stage2_noema] protocol=A amp=True rtts_size=4322 steps/epoch=135 from=stage1_best.pt
2026-10-07 19:12:37 [stage2_noema][epoch 1/15] uncertainty_consistency=-1.3756 | dark_channel_prior=0.0112 | bright_channel_prior=0.0036 | tv_transmission=0.0252 | total=-1.3741 | time=0.4min
2026-10-07 19:12:59 [stage2_noema][epoch 2/15] uncertainty_consistency=-3.2903 | dark_channel_prior=0.0218 | bright_channel_prior=0.0053 | tv_transmission=0.0276 | total=-3.2875 | time=0.4min
2026-10-07 19:13:20 [stage2_noema][epoch 3/15] uncertainty_consistency=-4.0393 | dark_channel_prior=0.0741 | bright_channel_prior=0.0082 | tv_transmission=0.0279 | total=-4.0312 | time=0.4min
2026-10-07 19:13:42 [stage2_noema][epoch 4/15] uncertainty_consistency=-4.2029 | dark_channel_prior=0.0987 | bright_channel_prior=0.0112 | tv_transmission=0.0277 | total=-4.1922 | time=0.4min
2026-10-07 19:14:03 [stage2_noema][epoch 5/15] uncertainty_consistency=-4.3132 | dark_channel_prior=0.1003 | bright_channel_prior=0.0117 | tv_transmission=0.0274 | total=-4.3023 | time=0.4min
2026-10-07 19:14:25 [stage2_noema][epoch 6/15] uncertainty_consistency=-4.3936 | dark_channel_prior=0.1102 | bright_channel_prior=0.0130 | tv_transmission=0.0274 | total=-4.3817 | time=0.4min
2026-10-07 19:14:46 [stage2_noema][epoch 7/15] uncertainty_consistency=-4.4458 | dark_channel_prior=0.1147 | bright_channel_prior=0.0130 | tv_transmission=0.0268 | total=-4.4334 | time=0.4min
2026-10-07 19:15:08 [stage2_noema][epoch 8/15] uncertainty_consistency=-4.5664 | dark_channel_prior=0.1099 | bright_channel_prior=0.0140 | tv_transmission=0.0272 | total=-4.5545 | time=0.4min
2026-10-07 19:15:29 [stage2_noema][epoch 9/15] uncertainty_consistency=-4.6015 | dark_channel_prior=0.1170 | bright_channel_prior=0.0149 | tv_transmission=0.0270 | total=-4.5888 | time=0.4min
2026-10-07 19:15:51 [stage2_noema][epoch 10/15] uncertainty_consistency=-4.6740 | dark_channel_prior=0.1183 | bright_channel_prior=0.0143 | tv_transmission=0.0269 | total=-4.6612 | time=0.4min
2026-10-07 19:16:13 [stage2_noema][epoch 11/15] uncertainty_consistency=-4.7127 | dark_channel_prior=0.1173 | bright_channel_prior=0.0142 | tv_transmission=0.0268 | total=-4.7000 | time=0.4min
2026-10-07 19:16:34 [stage2_noema][epoch 12/15] uncertainty_consistency=-4.7074 | dark_channel_prior=0.1184 | bright_channel_prior=0.0144 | tv_transmission=0.0266 | total=-4.6946 | time=0.4min
2026-10-07 19:16:56 [stage2_noema][epoch 13/15] uncertainty_consistency=-4.6640 | dark_channel_prior=0.1136 | bright_channel_prior=0.0144 | tv_transmission=0.0264 | total=-4.6516 | time=0.4min
2026-10-07 19:17:17 [stage2_noema][epoch 14/15] uncertainty_consistency=-4.7724 | dark_channel_prior=0.1167 | bright_channel_prior=0.0139 | tv_transmission=0.0265 | total=-4.7597 | time=0.4min
2026-10-07 19:17:39 [stage2_noema][epoch 15/15] uncertainty_consistency=-4.8182 | dark_channel_prior=0.1196 | bright_channel_prior=0.0139 | tv_transmission=0.0263 | total=-4.8052 | time=0.4min
2026-10-07 19:17:39 [stage2_noema] done.
2026-10-07 19:17:40 [pipeline] OK (5.5 min)
2026-10-07 19:17:40 [pipeline] RUN src/eval.py --config configs/h200/protocol_a.yaml --checkpoint checkpoints/h200/protocol_a/stage2_noema_last.pt --tag A_stage2_noema
/data1/sakshi/mental_health_h200/.venv/lib/python3.13/site-packages/torchvision/models/_utils.py:207: UserWarning: The parameter 'pretrained' is deprecated since 0.13 and may be removed in the future, please use 'weights' instead.
  warnings.warn(
/data1/sakshi/mental_health_h200/.venv/lib/python3.13/site-packages/torchvision/models/_utils.py:222: UserWarning: Arguments other than a weight enum or `None` for 'weights' are deprecated since 0.13 and may be removed in the future. The current behavior is equivalent to passing `weights=AlexNet_Weights.IMAGENET1K_V1`. You can also use `weights=AlexNet_Weights.DEFAULT` to get the most up-to-date weights.
  warnings.warn(msg)
[eval] loaded checkpoints/h200/protocol_a/stage2_noema_last.pt
[eval] SOTS-indoor (n=500): {'psnr': 17.18450481414795, 'ssim': 0.7473978629112243, 'lpips': 0.2284172271490097, 'psnr_std': 1.8749612044949218, 'ssim_std': 0.044047059438582246, 'lpips_std': 0.03612950279695331}
[eval] NH-HAZE official test (n=5): {'psnr': 12.156779527664185, 'ssim': 0.37315728664398196, 'lpips': 0.5714158058166504, 'psnr_std': 1.4166836953173103, 'ssim_std': 0.03957185134655781, 'lpips_std': 0.030147424722985098}
[eval] NIQE over full NH-HAZE (n=55): 2.3609
[eval] NIQE over RTTS (first 1000): 4.3815
[eval] cross-domain PSNR drop (SOTS-indoor -> NH-HAZE): 5.03 dB
[eval] appended results to results/h200/protocol_a/metrics.csv
2026-10-07 19:19:30 [pipeline] OK (1.8 min)
2026-10-07 19:19:30 [pipeline] RUN src/train_stage2.py --config configs/h200/protocol_b.yaml --no_uncertainty
2026-10-07 19:19:32 [stage2_nounc] protocol=B amp=True rtts_size=4322 steps/epoch=135 from=stage1_best.pt
2026-10-07 19:20:04 [stage2_nounc][epoch 1/15] plain_consistency=0.0603 | dark_channel_prior=0.2504 | bright_channel_prior=0.0268 | tv_transmission=0.0244 | ema_distillation=0.0467 | total=0.0962 | time=0.5min
2026-10-07 19:20:35 [stage2_nounc][epoch 2/15] plain_consistency=0.0604 | dark_channel_prior=0.0907 | bright_channel_prior=0.0283 | tv_transmission=0.0415 | ema_distillation=0.0595 | total=0.0832 | time=0.5min
2026-10-07 19:21:06 [stage2_nounc][epoch 3/15] plain_consistency=0.0574 | dark_channel_prior=0.0514 | bright_channel_prior=0.0258 | tv_transmission=0.0477 | ema_distillation=0.0559 | total=0.0755 | time=0.5min
2026-10-07 19:21:37 [stage2_nounc][epoch 4/15] plain_consistency=0.0564 | dark_channel_prior=0.0423 | bright_channel_prior=0.0253 | tv_transmission=0.0493 | ema_distillation=0.0512 | total=0.0726 | time=0.5min
2026-10-07 19:22:08 [stage2_nounc][epoch 5/15] plain_consistency=0.0548 | dark_channel_prior=0.0377 | bright_channel_prior=0.0250 | tv_transmission=0.0502 | ema_distillation=0.0473 | total=0.0698 | time=0.5min
2026-10-07 19:22:39 [stage2_nounc][epoch 6/15] plain_consistency=0.0539 | dark_channel_prior=0.0343 | bright_channel_prior=0.0245 | tv_transmission=0.0507 | ema_distillation=0.0424 | total=0.0675 | time=0.5min
2026-10-07 19:23:10 [stage2_nounc][epoch 7/15] plain_consistency=0.0530 | dark_channel_prior=0.0321 | bright_channel_prior=0.0239 | tv_transmission=0.0519 | ema_distillation=0.0400 | total=0.0659 | time=0.5min
2026-10-07 19:23:41 [stage2_nounc][epoch 8/15] plain_consistency=0.0522 | dark_channel_prior=0.0300 | bright_channel_prior=0.0236 | tv_transmission=0.0523 | ema_distillation=0.0396 | total=0.0648 | time=0.5min
2026-10-07 19:24:12 [stage2_nounc][epoch 9/15] plain_consistency=0.0519 | dark_channel_prior=0.0288 | bright_channel_prior=0.0231 | tv_transmission=0.0526 | ema_distillation=0.0338 | total=0.0632 | time=0.5min
2026-10-07 19:24:44 [stage2_nounc][epoch 10/15] plain_consistency=0.0498 | dark_channel_prior=0.0273 | bright_channel_prior=0.0226 | tv_transmission=0.0530 | ema_distillation=0.0318 | total=0.0605 | time=0.5min
2026-10-07 19:25:15 [stage2_nounc][epoch 11/15] plain_consistency=0.0504 | dark_channel_prior=0.0262 | bright_channel_prior=0.0232 | tv_transmission=0.0531 | ema_distillation=0.0294 | total=0.0606 | time=0.5min
2026-10-07 19:25:46 [stage2_nounc][epoch 12/15] plain_consistency=0.0503 | dark_channel_prior=0.0252 | bright_channel_prior=0.0228 | tv_transmission=0.0532 | ema_distillation=0.0279 | total=0.0601 | time=0.5min
2026-10-07 19:26:17 [stage2_nounc][epoch 13/15] plain_consistency=0.0496 | dark_channel_prior=0.0238 | bright_channel_prior=0.0222 | tv_transmission=0.0531 | ema_distillation=0.0265 | total=0.0590 | time=0.5min
2026-10-07 19:26:48 [stage2_nounc][epoch 14/15] plain_consistency=0.0484 | dark_channel_prior=0.0230 | bright_channel_prior=0.0213 | tv_transmission=0.0538 | ema_distillation=0.0238 | total=0.0571 | time=0.5min
2026-10-07 19:27:19 [stage2_nounc][epoch 15/15] plain_consistency=0.0476 | dark_channel_prior=0.0218 | bright_channel_prior=0.0213 | tv_transmission=0.0536 | ema_distillation=0.0232 | total=0.0560 | time=0.5min
2026-10-07 19:27:19 [stage2_nounc] done.
2026-10-07 19:27:20 [pipeline] OK (7.8 min)
2026-10-07 19:27:20 [pipeline] RUN src/eval.py --config configs/h200/protocol_b.yaml --checkpoint checkpoints/h200/protocol_b/stage2_nounc_last.pt --tag B_stage2_nounc
/data1/sakshi/mental_health_h200/.venv/lib/python3.13/site-packages/torchvision/models/_utils.py:207: UserWarning: The parameter 'pretrained' is deprecated since 0.13 and may be removed in the future, please use 'weights' instead.
  warnings.warn(
/data1/sakshi/mental_health_h200/.venv/lib/python3.13/site-packages/torchvision/models/_utils.py:222: UserWarning: Arguments other than a weight enum or `None` for 'weights' are deprecated since 0.13 and may be removed in the future. The current behavior is equivalent to passing `weights=AlexNet_Weights.IMAGENET1K_V1`. You can also use `weights=AlexNet_Weights.DEFAULT` to get the most up-to-date weights.
  warnings.warn(msg)
[eval] loaded checkpoints/h200/protocol_b/stage2_nounc_last.pt
[eval] SOTS-outdoor (n=500): {'psnr': 19.997682294845582, 'ssim': 0.8007400655746459, 'lpips': 0.3578027860075235, 'psnr_std': 1.945111725260155, 'ssim_std': 0.03945335471333244, 'lpips_std': 0.09124454661941452}
[eval] NH-HAZE official test (n=5): {'psnr': 12.00420069694519, 'ssim': 0.474064838886261, 'lpips': 0.586403226852417, 'psnr_std': 0.7166357573693062, 'ssim_std': 0.04688245448019187, 'lpips_std': 0.05366291051655614}
[eval] NIQE over full NH-HAZE (n=55): 3.9678
[eval] NIQE over RTTS (first 1000): 5.0610
[eval] cross-domain PSNR drop (SOTS-outdoor -> NH-HAZE): 7.99 dB
[eval] appended results to results/h200/protocol_b/metrics.csv
2026-10-07 19:29:10 [pipeline] OK (1.8 min)
2026-10-07 19:29:10 [pipeline] RUN src/train_stage2.py --config configs/h200/protocol_b.yaml --no_ema
2026-10-07 19:29:14 [stage2_noema] protocol=B amp=True rtts_size=4322 steps/epoch=135 from=stage1_best.pt
2026-10-07 19:29:38 [stage2_noema][epoch 1/15] uncertainty_consistency=-1.4830 | dark_channel_prior=0.1468 | bright_channel_prior=0.0118 | tv_transmission=0.0245 | total=-1.4675 | time=0.4min
2026-10-07 19:29:59 [stage2_noema][epoch 2/15] uncertainty_consistency=-3.4724 | dark_channel_prior=0.2479 | bright_channel_prior=0.0177 | tv_transmission=0.0213 | total=-3.4465 | time=0.4min
2026-10-07 19:30:21 [stage2_noema][epoch 3/15] uncertainty_consistency=-4.3083 | dark_channel_prior=0.3123 | bright_channel_prior=0.0181 | tv_transmission=0.0185 | total=-4.2759 | time=0.4min
2026-10-07 19:30:43 [stage2_noema][epoch 4/15] uncertainty_consistency=-4.4916 | dark_channel_prior=0.3342 | bright_channel_prior=0.0203 | tv_transmission=0.0176 | total=-4.4570 | time=0.4min
2026-10-07 19:31:04 [stage2_noema][epoch 5/15] uncertainty_consistency=-4.6001 | dark_channel_prior=0.3471 | bright_channel_prior=0.0196 | tv_transmission=0.0171 | total=-4.5642 | time=0.4min
2026-10-07 19:31:26 [stage2_noema][epoch 6/15] uncertainty_consistency=-4.6748 | dark_channel_prior=0.3525 | bright_channel_prior=0.0201 | tv_transmission=0.0169 | total=-4.6383 | time=0.4min
2026-10-07 19:31:48 [stage2_noema][epoch 7/15] uncertainty_consistency=-4.7433 | dark_channel_prior=0.3589 | bright_channel_prior=0.0193 | tv_transmission=0.0167 | total=-4.7063 | time=0.4min
2026-10-07 19:32:10 [stage2_noema][epoch 8/15] uncertainty_consistency=-4.7795 | dark_channel_prior=0.3580 | bright_channel_prior=0.0195 | tv_transmission=0.0167 | total=-4.7426 | time=0.4min
2026-10-07 19:32:31 [stage2_noema][epoch 9/15] uncertainty_consistency=-4.8166 | dark_channel_prior=0.3581 | bright_channel_prior=0.0196 | tv_transmission=0.0166 | total=-4.7796 | time=0.4min
2026-10-07 19:32:53 [stage2_noema][epoch 10/15] uncertainty_consistency=-4.8702 | dark_channel_prior=0.3594 | bright_channel_prior=0.0191 | tv_transmission=0.0166 | total=-4.8331 | time=0.4min
2026-10-07 19:33:15 [stage2_noema][epoch 11/15] uncertainty_consistency=-4.8952 | dark_channel_prior=0.3599 | bright_channel_prior=0.0182 | tv_transmission=0.0166 | total=-4.8581 | time=0.4min
2026-10-07 19:33:36 [stage2_noema][epoch 12/15] uncertainty_consistency=-4.8895 | dark_channel_prior=0.3576 | bright_channel_prior=0.0183 | tv_transmission=0.0167 | total=-4.8526 | time=0.4min
2026-10-07 19:33:58 [stage2_noema][epoch 13/15] uncertainty_consistency=-4.9339 | dark_channel_prior=0.3617 | bright_channel_prior=0.0190 | tv_transmission=0.0168 | total=-4.8966 | time=0.4min
2026-10-07 19:34:20 [stage2_noema][epoch 14/15] uncertainty_consistency=-5.0042 | dark_channel_prior=0.3620 | bright_channel_prior=0.0171 | tv_transmission=0.0168 | total=-4.9670 | time=0.4min
2026-10-07 19:34:41 [stage2_noema][epoch 15/15] uncertainty_consistency=-5.0329 | dark_channel_prior=0.3618 | bright_channel_prior=0.0176 | tv_transmission=0.0165 | total=-4.9957 | time=0.4min
2026-10-07 19:34:41 [stage2_noema] done.
2026-10-07 19:34:42 [pipeline] OK (5.5 min)
2026-10-07 19:34:42 [pipeline] RUN src/eval.py --config configs/h200/protocol_b.yaml --checkpoint checkpoints/h200/protocol_b/stage2_noema_last.pt --tag B_stage2_noema
/data1/sakshi/mental_health_h200/.venv/lib/python3.13/site-packages/torchvision/models/_utils.py:207: UserWarning: The parameter 'pretrained' is deprecated since 0.13 and may be removed in the future, please use 'weights' instead.
  warnings.warn(
/data1/sakshi/mental_health_h200/.venv/lib/python3.13/site-packages/torchvision/models/_utils.py:222: UserWarning: Arguments other than a weight enum or `None` for 'weights' are deprecated since 0.13 and may be removed in the future. The current behavior is equivalent to passing `weights=AlexNet_Weights.IMAGENET1K_V1`. You can also use `weights=AlexNet_Weights.DEFAULT` to get the most up-to-date weights.
  warnings.warn(msg)
[eval] loaded checkpoints/h200/protocol_b/stage2_noema_last.pt
[eval] SOTS-outdoor (n=500): {'psnr': 22.14360788345337, 'ssim': 0.9018130391836167, 'lpips': 0.07268721289932728, 'psnr_std': 3.800927237160835, 'ssim_std': 0.06461732008699603, 'lpips_std': 0.03305301543474615}
[eval] NH-HAZE official test (n=5): {'psnr': 11.993606805801392, 'ssim': 0.48032479286193847, 'lpips': 0.5155568182468414, 'psnr_std': 0.6409865355238049, 'ssim_std': 0.050724474664121874, 'lpips_std': 0.03971593026851053}
[eval] NIQE over full NH-HAZE (n=55): 2.5997
[eval] NIQE over RTTS (first 1000): 4.3531
[eval] cross-domain PSNR drop (SOTS-outdoor -> NH-HAZE): 10.15 dB
[eval] appended results to results/h200/protocol_b/metrics.csv
2026-10-07 19:36:32 [pipeline] OK (1.8 min)
2026-10-07 19:36:32 [pipeline] ALL DONE
